// Jest Snapshot v1, https://goo.gl/fbAQLP

exports[`Core component header tests renders 1`] = `
<header
  className="header"
>
  asdasdasdsd
</header>
`;
